// Jest Snapshot v1, https://goo.gl/fbAQLP

exports[`createSchemaCustomization create fixed type definition 1`] = `
"# All __UPPER_CASE__  wildcards will be replaced by the configuration

interface kontent_item @nodeInterface {
  id: ID!
  system: kontent_item_system!
  # elements: type is defined dynamically
  #  - union type just require to use fragment when querying
  #  - no benefits: type is not propagated to filter
  #  - union types are not supported for querying in Gatsby
  preferred_language: String!
}

type kontent_item_system {
  codename: String!
  id: String!
  language: String!
  last_modified: Date! @dateformat
  name: String!
  type: String!
}

type kontent_item_text_element_value {
  name: String!
  type: String!
  value: String
}

type kontent_item_rich_text_element_value {
  name: String!
  type: String!
  value: String
  modular_content: [kontent_item] @languageLink
  images: [kontent_item_rich_text_element_link]
  links: [kontent_item_rich_text_element_image]
}

type kontent_item_number_element_value {
  name: String!
  type: String!
  value: Float
}

type kontent_item_multiple_choice_element_value {
  name: String!
  type: String!
  value: [kontent_item_multiple_choice_element]
}

type kontent_item_date_time_element_value {
  name: String!
  type: String!
  value: Date @dateformat
}

type kontent_item_asset_element_value {
  name: String!
  type: String!
  value: [kontent_item_asset_element]
}

type kontent_item_modular_content_element_value {
  name: String!
  type: String!
  value: [kontent_item] @languageLink
}

type kontent_item_custom_element_value {
  name: String!
  type: String!
  value: String
}

type kontent_item_taxonomy_element_value {
  name: String!
  type: String!
  taxonomy_group: String!
  value: [kontent_item_taxonomy_element]
}

type kontent_item_url_slug_element_value {
  name: String!
  type: String!
  value: String
}

type kontent_item_multiple_choice_element {
  codename: String!
  name: String!
}

type kontent_item_asset_element {
  name: String!
  description: String
  type: String!
  size: Int!
  url: String!
  width: Int
  height: Int
}

type kontent_item_taxonomy_element {
  name: String!
  codename: String!
}

type kontent_item_rich_text_element_link {
  image_id: String!
  url: String!
  description: String
  height: Int!
  width: Int!
}

type kontent_item_rich_text_element_image {
  link_id: String!
  codename: String!
  type: String!
  url_slug: String!
}
"
`;
