// Jest Snapshot v1, https://goo.gl/fbAQLP

exports[`circular reference in modular content passes with no error 1`] = `
Array [
  Array [
    Object {
      "children": Array [],
      "contentItems___NODE": Array [
        "dummy-kentico-cloud-item-main-project-default",
      ],
      "elements": Array [
        Object {
          "codename": "related_projects",
          "name": "Related projects",
          "options": Array [],
          "type": "modular_content",
        },
        Object {
          "codename": "content",
          "name": "Content",
          "options": Array [],
          "type": "text",
        },
      ],
      "id": "dummy-kentico-cloud-type-project",
      "internal": Object {
        "content": "{\\"system\\":{\\"codename\\":\\"project\\",\\"id\\":\\"ec706130-b0dd-401c-ae1a-10f2eeb2eb89\\",\\"name\\":\\"Project\\",\\"lastModified\\":\\"2018-12-28T12:29:09.4933517Z\\"},\\"elements\\":[{\\"options\\":[],\\"codename\\":\\"related_projects\\",\\"name\\":\\"Related projects\\",\\"type\\":\\"modular_content\\"},{\\"options\\":[],\\"codename\\":\\"content\\",\\"name\\":\\"Content\\",\\"type\\":\\"text\\"}]}",
        "contentDigest": "98b4a5274bd4a532bf161ca1f3631df1",
        "type": "KenticoCloudTypeProject",
      },
      "parent": null,
      "system": Object {
        "codename": "project",
        "id": "ec706130-b0dd-401c-ae1a-10f2eeb2eb89",
        "lastModified": "2018-12-28T12:29:09.4933517Z",
        "name": "Project",
      },
      "usedByContentItems___NODE": Array [],
    },
  ],
  Array [
    Object {
      "children": Array [],
      "contentType___NODE": "dummy-kentico-cloud-type-project",
      "elements": Object {
        "content": Object {
          "name": "Content",
          "rawData": Object {
            "name": "Content",
            "type": "text",
            "value": "Main project content",
          },
          "type": "text",
          "value": "Main project content",
        },
        "related_projects": Object {
          "itemCodenames": Array [
            "main_project",
          ],
          "linked_items___NODE": Array [
            "dummy-kentico-cloud-item-main-project-default",
          ],
          "name": "Related projects",
          "rawData": Object {
            "name": "Related projects",
            "type": "modular_content",
            "value": Array [
              "main_project",
            ],
          },
          "type": "modular_content",
        },
      },
      "id": "dummy-kentico-cloud-item-main-project-default",
      "internal": Object {
        "content": "{\\"system\\":{\\"name\\":\\"Main project\\",\\"codename\\":\\"main_project\\",\\"id\\":\\"1a3aa6bd-7b4b-486f-86ab-7bfe359ad614\\",\\"lastModified\\":\\"2019-09-27T09:27:00.013Z\\",\\"language\\":\\"default\\",\\"type\\":\\"project\\",\\"sitemapLocations\\":[]},\\"elements\\":{\\"content\\":{\\"rawData\\":{\\"type\\":\\"text\\",\\"name\\":\\"Content\\",\\"value\\":\\"Main project content\\"},\\"name\\":\\"Content\\",\\"type\\":\\"text\\",\\"value\\":\\"Main project content\\"},\\"related_projects\\":{\\"rawData\\":{\\"type\\":\\"modular_content\\",\\"name\\":\\"Related projects\\",\\"value\\":[\\"main_project\\"]},\\"name\\":\\"Related projects\\",\\"type\\":\\"modular_content\\",\\"itemCodenames\\":[\\"main_project\\"]}},\\"preferred_language\\":\\"default\\"}",
        "contentDigest": "4200153f720b24340661a14c3543f8a7",
        "type": "KenticoCloudItemProject",
      },
      "otherLanguages___NODE": Array [],
      "parent": null,
      "preferred_language": "default",
      "system": Object {
        "codename": "main_project",
        "id": "1a3aa6bd-7b4b-486f-86ab-7bfe359ad614",
        "language": "default",
        "lastModified": "2019-09-27T09:27:00.013Z",
        "name": "Main project",
        "sitemapLocations": Array [],
        "type": "project",
      },
      "usedByContentItems___NODE": Array [
        "dummy-kentico-cloud-item-main-project-default",
      ],
    },
  ],
]
`;
